// Jest Snapshot v1, https://goo.gl/fbAQLP

exports[`Array Converter Should convert array of Object as is 1`] = `
Array [
  Object {
    "birthday": "2018-2-2",
    "deceased": "ON",
    "id": "200",
    "name": "Mimi",
  },
  Object {
    "birthday": "2018-2-2",
    "deceased": "ON",
    "id": "200",
    "name": "Mimi",
  },
  Object {
    "birthday": "2018-2-2",
    "deceased": "ON",
    "id": "200",
    "name": "Mimi",
  },
]
`;
